  Camara.cpp
  Colisionable.cpp
  DebugManager.cpp
  Enemy.cpp
D:\GitHub\Daetherial\Camara.h(2,10): error C1083: No se puede abrir el archivo incluir: 'SFML/Graphics.hpp': No such file or directory
  (compilando archivo de origen "Camara.cpp")
  
D:\GitHub\Daetherial\Colisionable.h(2,10): error C1083: No se puede abrir el archivo incluir: 'SFML/Graphics.hpp': No such file or directory
  (compilando archivo de origen "Colisionable.cpp")
  
D:\GitHub\Daetherial\DebugManager.h(2,10): error C1083: No se puede abrir el archivo incluir: 'SFML/Graphics.hpp': No such file or directory
  (compilando archivo de origen "DebugManager.cpp")
  
D:\GitHub\Daetherial\EntidadViva.h(2,10): error C1083: No se puede abrir el archivo incluir: 'SFML/Graphics.hpp': No such file or directory
  (compilando archivo de origen "Enemy.cpp")
  
  EntidadViva.cpp
D:\GitHub\Daetherial\EntidadViva.h(2,10): error C1083: No se puede abrir el archivo incluir: 'SFML/Graphics.hpp': No such file or directory
  (compilando archivo de origen "EntidadViva.cpp")
  
  GameManager.cpp
D:\GitHub\Daetherial\GameManager.h(2,10): error C1083: No se puede abrir el archivo incluir: 'SFML/Graphics.hpp': No such file or directory
  (compilando archivo de origen "GameManager.cpp")
  
  InputManager.cpp
D:\GitHub\Daetherial\InputManager.h(2,10): error C1083: No se puede abrir el archivo incluir: 'SFML/Graphics.hpp': No such file or directory
  (compilando archivo de origen "InputManager.cpp")
  
  Inventario.cpp
D:\GitHub\Daetherial\Item.h(3,10): error C1083: No se puede abrir el archivo incluir: 'SFML/Graphics.hpp': No such file or directory
  (compilando archivo de origen "Inventario.cpp")
  
  Item.cpp
D:\GitHub\Daetherial\Item.h(3,10): error C1083: No se puede abrir el archivo incluir: 'SFML/Graphics.hpp': No such file or directory
  (compilando archivo de origen "Item.cpp")
  
  ItemManager.cpp
D:\GitHub\Daetherial\ItemManager.h(2,10): error C1083: No se puede abrir el archivo incluir: 'SFML/Graphics.hpp': No such file or directory
  (compilando archivo de origen "ItemManager.cpp")
  
  main.cpp
D:\GitHub\Daetherial\GameManager.h(2,10): error C1083: No se puede abrir el archivo incluir: 'SFML/Graphics.hpp': No such file or directory
  (compilando archivo de origen "main.cpp")
  
  map.cpp
D:\GitHub\Daetherial\map.h(2,10): error C1083: No se puede abrir el archivo incluir: 'SFML/Graphics.hpp': No such file or directory
  (compilando archivo de origen "map.cpp")
  
  Mascota.cpp
D:\GitHub\Daetherial\EntidadViva.h(2,10): error C1083: No se puede abrir el archivo incluir: 'SFML/Graphics.hpp': No such file or directory
  (compilando archivo de origen "Mascota.cpp")
  
  menu.cpp
D:\GitHub\Daetherial\menu.h(3,10): error C1083: No se puede abrir el archivo incluir: 'SFML/Graphics.hpp': No such file or directory
  (compilando archivo de origen "menu.cpp")
  
  Niebla.cpp
D:\GitHub\Daetherial\Niebla.h(2,10): error C1083: No se puede abrir el archivo incluir: 'SFML/Graphics.hpp': No such file or directory
  (compilando archivo de origen "Niebla.cpp")
  
  ObjectsManager.cpp
D:\GitHub\Daetherial\ObjectsManager.h(3,10): error C1083: No se puede abrir el archivo incluir: 'SFML/Graphics.hpp': No such file or directory
  (compilando archivo de origen "ObjectsManager.cpp")
  
  PathFinder.cpp
D:\GitHub\Daetherial\Pathfinder.h(2,10): error C1083: No se puede abrir el archivo incluir: 'SFML/Graphics.hpp': No such file or directory
  (compilando archivo de origen "PathFinder.cpp")
  
  Personaje.cpp
D:\GitHub\Daetherial\EntidadViva.h(2,10): error C1083: No se puede abrir el archivo incluir: 'SFML/Graphics.hpp': No such file or directory
  (compilando archivo de origen "Personaje.cpp")
  
  habilidades.cpp
D:\GitHub\Daetherial\habilidades.h(3,10): error C1083: No se puede abrir el archivo incluir: 'SFML/System/Vector2.hpp': No such file or directory
  (compilando archivo de origen "habilidades.cpp")
  
  BolaDeFuego.cpp
D:\GitHub\Daetherial\habilidades.h(3,10): error C1083: No se puede abrir el archivo incluir: 'SFML/System/Vector2.hpp': No such file or directory
  (compilando archivo de origen "BolaDeFuego.cpp")
  
  Compilando...
  habilidad_2.cpp
D:\GitHub\Daetherial\habilidades.h(3,10): error C1083: No se puede abrir el archivo incluir: 'SFML/System/Vector2.hpp': No such file or directory
  (compilando archivo de origen "habilidad_2.cpp")
  
  habilidad_3.cpp
D:\GitHub\Daetherial\habilidades.h(3,10): error C1083: No se puede abrir el archivo incluir: 'SFML/System/Vector2.hpp': No such file or directory
  (compilando archivo de origen "habilidad_3.cpp")
  
  habilidad_4.cpp
D:\GitHub\Daetherial\habilidades.h(3,10): error C1083: No se puede abrir el archivo incluir: 'SFML/System/Vector2.hpp': No such file or directory
  (compilando archivo de origen "habilidad_4.cpp")
  
  habilidad_5.cpp
D:\GitHub\Daetherial\habilidades.h(3,10): error C1083: No se puede abrir el archivo incluir: 'SFML/System/Vector2.hpp': No such file or directory
  (compilando archivo de origen "habilidad_5.cpp")
  
  UI_Inventario.cpp
D:\GitHub\Daetherial\UI_Inventario.h(2,10): error C1083: No se puede abrir el archivo incluir: 'SFML/Graphics.hpp': No such file or directory
  (compilando archivo de origen "UI_Inventario.cpp")
  
